This is LuaHBTeX, Version 1.24.0 (TeX Live 2026)  (format=lualatex 2026.3.12)  23 JUL 2026 15:31
 restricted system commands enabled.
**index.tex
(./index.tex
LaTeX2e <2025-11-01>
L3 programming layer <2026-01-19>
error loading module ltluatex from file c:/Users/PC/AppData/Roaming/TinyTeX/texmf-dist/tex/latex/base/ltluatex.lua:
	...a/Roaming/TinyTeX/texmf-dist/tex/latex/base/ltluatex.lua:127: '}' expected (to close '{' at line 119) near ')'
stack traceback:
	[C]: in ?
	[C]: in function 'require'
	[\directlua]:1: in main chunk.
<everyjob> ...f \tokszero =0 \directlua {require("ltluatex")}
                                                   \endgroup \directlua {if ...
l.1 
  % Options for packages loaded elsewhere

Here is how much of LuaTeX's memory you used:
 7 strings out of 476076
 100000,460012 words of node,token memory allocated
 275 words of node memory still in use:
   1 hlist, 1 dir, 39 glue_spec nodes
   avail lists: 2:12,3:3,4:1
 22567 multiletter control sequences out of 65536+600000
 14 fonts using 591679 bytes
 5i,0n,0p,50b,15s stack positions out of 10000i,1000n,20000p,200000b,200000s
!  ==> Fatal error occurred, no output PDF file produced!
